
Error: ENOENT: no such file or directory, stat '/Users/mac/server/static/404.html'
